\BOOKMARK [1][-]{section.1}{\376\377\137\025\212\000\377\032\116\000\116\052\151\202\137\365\377\014\116\044\171\315\133\232\116\111}{}% 1
\BOOKMARK [1][-]{section.2}{\376\377\117\064\226\217\121\375\133\120\166\204\116\044\116\052\173\111\116\367\133\232\116\111}{}% 2
\BOOKMARK [2][-]{subsection.2.1}{\376\377\133\232\116\111\116\000\377\032\000H\000o\000m\000-\226\306\201\352\161\066\124\014\147\204\377\010\126\336\230\176\377\011}{section.2}% 3
\BOOKMARK [2][-]{subsection.2.2}{\376\377\133\232\116\111\116\214\377\032\123\125\117\115\116\016\117\131\123\125\117\115}{section.2}% 4
\BOOKMARK [2][-]{subsection.2.3}{\376\377\173\111\116\367\140\047\213\301\146\016}{section.2}% 5
\BOOKMARK [1][-]{section.3}{\376\377\116\316\117\064\226\217\122\060\123\125\133\120\377\010\000M\000o\000n\000a\000d\377\011}{}% 6
\BOOKMARK [2][-]{subsection.3.1}{\376\377\123\125\133\120\166\204\133\232\116\111\377\010\137\353\220\037\126\336\230\176\377\011}{section.3}% 7
\BOOKMARK [2][-]{subsection.3.2}{\376\377\117\064\226\217\121\375\133\120\201\352\161\066\213\361\133\374\123\125\133\120}{section.3}% 8
\BOOKMARK [2][-]{subsection.3.3}{\376\377\123\125\133\120\121\154\164\006\166\204\133\217\211\302\116\244\143\142\126\376}{section.3}% 9
\BOOKMARK [1][-]{section.4}{\376\377\116\316\117\064\226\217\122\060\117\131\123\125\133\120\377\010\000C\000o\000m\000o\000n\000a\000d\377\011}{}% 10
\BOOKMARK [2][-]{subsection.4.1}{\376\377\117\131\123\125\133\120\166\204\133\232\116\111}{section.4}% 11
\BOOKMARK [2][-]{subsection.4.2}{\376\377\117\064\226\217\121\375\133\120\201\352\161\066\213\361\133\374\117\131\123\125\133\120}{section.4}% 12
\BOOKMARK [1][-]{section.5}{\376\377\117\064\226\217\000-\123\125\133\120\000-\117\131\123\125\133\120\166\204\176\337\116\000\176\323\147\204\126\376}{}% 13
\BOOKMARK [2][-]{subsection.5.1}{\376\377\133\214\145\164\133\371\136\224\121\163\174\373}{section.5}% 14
\BOOKMARK [2][-]{subsection.5.2}{\376\377\121\154\164\006\147\145\156\220\116\000\116\000\133\371\136\224}{section.5}% 15
\BOOKMARK [1][-]{section.6}{\376\377\116\072\116\300\116\110\217\331\146\057\123\125\133\120\166\204\167\037\153\143\122\250\147\072\377\037}{}% 16
\BOOKMARK [2][-]{subsection.6.1}{\376\377\123\206\123\362\116\016\124\362\133\146\176\277\175\042}{section.6}% 17
\BOOKMARK [2][-]{subsection.6.2}{\376\377\154\333\116\343\145\160\166\204\200\124\174\373}{section.6}% 18
\BOOKMARK [2][-]{subsection.6.3}{\376\377\117\064\226\217\000-\123\125\133\120\000-\117\131\123\125\133\120\166\204\116\011\211\322\121\163\174\373}{section.6}% 19
\BOOKMARK [1][-]{section.7}{\376\377\140\073\176\323}{}% 20
\BOOKMARK [2][-]{subsection.7.1}{\376\377\150\070\137\303\211\201\160\271}{section.7}% 21
\BOOKMARK [2][-]{subsection.7.2}{\376\377\124\016\176\355\133\146\116\140\215\357\176\277}{section.7}% 22
