\BOOKMARK [1][-]{section.1}{\376\377\137\025\212\000\377\032\203\003\165\164\213\272\116\016\155\361\136\246\133\146\116\140\166\204\116\244\154\107}{}% 1
\BOOKMARK [2][-]{subsection.1.1}{\376\377\213\272\145\207\123\237\145\350}{section.1}% 2
\BOOKMARK [2][-]{subsection.1.2}{\376\377\226\005\213\373\143\007\123\127}{section.1}% 3
\BOOKMARK [1][-]{section.2}{\376\377\203\003\165\164\213\272\127\372\170\100}{}% 4
\BOOKMARK [1][-]{section.3}{\376\377\123\125\133\120\116\016\173\111\123\330\140\047\377\032\121\340\117\125\155\361\136\246\133\146\116\140\166\204\203\003\165\164\143\250\136\177}{}% 5
\BOOKMARK [2][-]{subsection.3.1}{\376\377\123\237\145\207\177\373\213\321}{section.3}% 6
\BOOKMARK [2][-]{subsection.3.2}{\376\377\123\125\133\120\123\312\121\166\116\343\145\160}{section.3}% 7
\BOOKMARK [2][-]{subsection.3.3}{\376\377\173\111\123\330\146\040\134\004\117\134\116\072\123\125\133\120\116\343\145\160\124\014\140\001}{section.3}% 8
\BOOKMARK [1][-]{section.4}{\376\377\201\352\121\375\133\120\166\204\377\010\117\131\377\011\116\343\145\160\377\032\176\323\147\204\123\026\145\160\143\156\116\016\201\352\122\250\147\072}{}% 9
\BOOKMARK [2][-]{subsection.4.1}{\376\377\123\237\145\207\177\373\213\321}{section.4}% 10
\BOOKMARK [2][-]{subsection.4.2}{\376\377\201\352\121\375\133\120\166\204\116\343\145\160}{section.4}% 11
\BOOKMARK [2][-]{subsection.4.3}{\376\377\122\027\210\150\117\134\116\072\131\313\116\343\145\160}{section.4}% 12
\BOOKMARK [2][-]{subsection.4.4}{\376\377\122\027\210\150\117\134\116\072\201\352\165\061\123\125\133\120\166\204\147\204\220\040\377\010\215\205\172\167\217\355\116\343\377\011}{section.4}% 13
\BOOKMARK [2][-]{subsection.4.5}{\376\377\116\214\123\311\150\021\166\204\116\343\145\160}{section.4}% 14
\BOOKMARK [2][-]{subsection.4.6}{\376\377\201\352\121\375\133\120\166\204\117\131\116\343\145\160\116\016\201\352\122\250\147\072}{section.4}% 15
\BOOKMARK [2][-]{subsection.4.7}{\376\377\116\343\145\160\124\014\140\001\116\016\176\323\147\204\220\022\137\122}{section.4}% 16
\BOOKMARK [2][-]{subsection.4.8}{\376\377\133\371\120\166\377\032\117\131\116\343\145\160\124\014\140\001\116\016\176\323\147\204\117\131\220\022\137\122}{section.4}% 17
\BOOKMARK [1][-]{section.5}{\376\377\116\316\201\352\121\375\133\120\116\343\145\160\122\060\201\352\165\061\123\125\133\120\116\343\145\160}{}% 18
\BOOKMARK [2][-]{subsection.5.1}{\376\377\123\237\145\207\177\373\213\321\116\016\210\145\121\105}{section.5}% 19
\BOOKMARK [2][-]{subsection.5.2}{\376\377\116\045\214\050\210\145\121\105\377\032\116\343\145\160\201\352\165\061\123\125\133\120\133\232\164\006}{section.5}% 20
\BOOKMARK [1][-]{section.6}{\376\377\0002\000-\203\003\165\164\116\016\123\302\145\160\123\026\140\001\134\004\000\040\000P\000a\000r\000a}{}% 21
\BOOKMARK [2][-]{subsection.6.1}{\376\377\137\025\121\145\000\040\0002\000-\203\003\165\164\166\204\122\250\147\072}{section.6}% 22
\BOOKMARK [2][-]{subsection.6.2}{\376\377\0002\000-\203\003\165\164\166\204\133\232\116\111}{section.6}% 23
\BOOKMARK [2][-]{subsection.6.3}{\376\377\000P\000a\000r\000a\000\040\147\204\220\040}{section.6}% 24
\BOOKMARK [2][-]{subsection.6.4}{\376\377\0002\000-\203\003\165\164\116\055\166\204\000"\147\176\145\143\000"\116\343\145\160}{section.6}% 25
\BOOKMARK [2][-]{subsection.6.5}{\376\377\150\070\137\303\133\232\164\006\377\032\000L\000a\000x\000\040\116\343\145\160\116\247\165\037\117\131\136\172\123\112\177\244}{section.6}% 26
\BOOKMARK [1][-]{section.7}{\376\377\123\302\145\160\123\026\000\040\0002\000-\201\352\121\375\133\120\116\016\171\136\176\317\177\121\176\334\147\266\147\204}{}% 27
\BOOKMARK [2][-]{subsection.7.1}{\376\377\116\316\201\352\121\375\133\120\122\060\123\302\145\160\123\026\000\040\0002\000-\201\352\121\375\133\120}{section.7}% 28
\BOOKMARK [2][-]{subsection.7.2}{\376\377\142\230\123\340\000\040\000R\000N\000N}{section.7}% 29
\BOOKMARK [2][-]{subsection.7.3}{\376\377\134\125\137\000\000\040\000R\000N\000N}{section.7}% 30
\BOOKMARK [2][-]{subsection.7.4}{\376\377\220\022\137\122\000\040\000N\000N}{section.7}% 31
\BOOKMARK [2][-]{subsection.7.5}{\376\377\000M\000e\000a\000l\000y\000\040\124\214\000\040\000M\000o\000o\000r\000e\000\040\147\072\126\150\117\134\116\072\123\302\145\160\123\026\117\131\116\343\145\160}{section.7}% 32
\BOOKMARK [1][-]{section.8}{\376\377\171\136\176\317\177\121\176\334\166\204\215\205\172\167\134\125\137\000}{}% 33
\BOOKMARK [2][-]{subsection.8.1}{\376\377\134\125\137\000\117\134\116\072\000\040\000L\000a\000x\000\040\116\343\145\160\124\014\140\001}{section.8}% 34
\BOOKMARK [2][-]{subsection.8.2}{\376\377\134\125\137\000\000\040\000R\000N\000N\000\040\166\204\134\125\137\000}{section.8}% 35
\BOOKMARK [2][-]{subsection.8.3}{\376\377\176\337\116\000\211\306\211\322}{section.8}% 36
\BOOKMARK [1][-]{section.9}{\376\377\140\073\176\323\116\016\134\125\147\033}{}% 37
\BOOKMARK [2][-]{subsection.9.1}{\376\377\213\272\145\207\150\070\137\303\215\041\163\056\140\073\176\323}{section.9}% 38
\BOOKMARK [2][-]{subsection.9.2}{\376\377\137\000\145\076\225\356\230\230\116\016\147\052\147\145\145\271\124\021}{section.9}% 39
